// Jest Snapshot v1, https://goo.gl/fbAQLP

exports[`App Overlay: renders correctly 1`] = `
<div
  className="App"
>
  <div
    className="Cell"
  >
    0
  </div>
  <div
    className="App-intro"
  >
    <button
      onClick={[Function]}
      style={
        Object {
          "backgroundColor": "Green",
        }
      }
    >
      ADD
    </button>
    <button
      onClick={[Function]}
      style={
        Object {
          "backgroundColor": "Blue",
        }
      }
    >
      SUBTRACT
    </button>
  </div>
</div>
`;
